<adikushnir@gmail.com>
<agi@inittab.org>
<agmartin@debian.org>
<Andrei.Kholodnyi@gmail.com>
<andrewia2002@yandex.ru>
<aron@debian.org>
<ben.howard@canonical.com>
<bigon@debian.org>
<billh@gnome.org>
<branden@debian.org>
<brian@canonical.com>
<bryan.quigley@canonical.com>
<buchal@brailcom.org>
<camerontnorman@gmail.com>
<chlor@schou.dk>
<clameter@debian.org>
<coscell@gmail.com>
<cwendling@hypra.fr>
<danny.milo@gmx.net>
<dave@mielke.cc>
<Dave@Mielke.cc>
<didier@slint.fr>
<director@chpi.org>
<doj@cubic.org>
<downsj@teeny.org>
<ejad@debian.org>
<fabo@freedesktop.org>
<felix-file@fefe.de>
<filippo@debian.org>
<fudge@thefudge.net>
<gcasse@oralux.org>
<gunnarhj@ubuntu.com>
<hmh@debian.org>
<hussainmkj@gmail.com>
<intrigeri@boum.org>
<iwamatsu@debian.org>
<jamie@canonical.com>
<jmccann@redhat.com>
<jonathan.davies@canonical.com>
<jplejacq@quoininc.com>
<jtang@tresys.com>
<jwhite@codeweavers.com>
<kees@ubuntu.com>
<kel@otaku42.de>
<kevin.krammer@gmx.at>
<kirkland@canonical.com>
<kurtz.alex@googlemail.com>
<Leon.Ungier@ViewPlus.com>
<license@farsiweb.info>
<listaddr1@gmx.net>
<mario_limonciello@dell.com>
<martin.pitt@ubuntu.com>
<martin@piware.de>
<matthias.andree@gmx.de>
<mick@kulgan.net>
<mike@piratehaven.org>
<mike.sivill@viewplus.com>
<mlang@delysid.org>
<mramadan@nattiq.com>
<mueller@teamix.net>
<musicate@yandex.ru>
<nico@fluxnic.net>
<no.known.email@example.com>
<obert01@mistigri.org>
<osamu@debian.org>
<quinlan@yggdrasil.com>
<rafael@debian.org>
<rdieter@fedoraproject.org>
<relson@osagesoftware.com>
<remco@debian.org>
<rene@debian.org>
<robert.ancell@canonical.com>
<rob@mars.org>
<rpoitevin@hypra.fr>
<rq@akl.lt>
<ruiandrebatista@gmail.com>
<scott.moser@ubuntu.com>
<sjoerd@debian.org>
<skunk@iSKUNK.ORG>
<speechd-discuss@nongnu.org>
<steve.beattie@canonical.com>
<steve.langasek@canonical.com>
<tadas.matus@gmail.com>
<themuso@themuso.com>
<themuso@ubuntu.com>
<tinaxd@protonmail.com>
<tomas.mardsjo@icap.nu>
<tomek@pipebreaker.pl>
<torma.zsolt@infoalap.hu>
<trev.saunders@gmail.com>
<tytso@mit.edu>
<username@site.domain>
<vtsaran@gmail.com>
<walters@debian.org>
<w.d.hubbs@gmail.com>
<xz@tukaani.org>
